anajob:  will open and read from files: 

     Output_REC_e4h_input.slcio     [ number of runs: 0, number of events: 3 ] 


 will reopen and read from files: 
     Output_REC_e4h_input.slcio
///////////////////////////////////
EVENT: 0
RUN: 0
DETECTOR: unknown
COLLECTIONS: (see below)
///////////////////////////////////

---------------------------------------------------------------------------
COLLECTION NAME               COLLECTION TYPE          NUMBER OF ELEMENTS  
===========================================================================
BeamCalCollection             SimCalorimeterHit                0
BuildUpVertices               Vertex                           4
BuildUpVertices_RP            ReconstructedParticle            4
BuildUpVertices_V0            Vertex                           0
BuildUpVertices_V0_RP         ReconstructedParticle            0
CalohitMCTruthLink            LCRelation                    7939
ClusterMCTruthLink            LCRelation                     146
DebugHits                     TrackerHitPlane                  0
ECALBarrel                    CalorimeterHit                4492
ECALEndcap                    CalorimeterHit                2595
ECALOther                     CalorimeterHit                  18
ECalBarrelCollection          SimCalorimeterHit             4822
ECalEndcapCollection          SimCalorimeterHit             2792
ECalPlugCollection            SimCalorimeterHit               18
HCALBarrel                    CalorimeterHit                 455
HCALEndcap                    CalorimeterHit                 355
HCALOther                     CalorimeterHit                  10
HCalBarrelCollection          SimCalorimeterHit              824
HCalEndcapCollection          SimCalorimeterHit              619
HCalRingCollection            SimCalorimeterHit               22
ITrackerEndcapHits            TrackerHitPlane                 80
ITrackerHits                  TrackerHitPlane                125
InnerTrackerBarrelCollection  SimTrackerHit                  132
InnerTrackerBarrelHitsRelationsLCRelation                     125
InnerTrackerEndcapCollection  SimTrackerHit                   85
InnerTrackerEndcapHitsRelationsLCRelation                      80
LE_LooseSelectedPandoraPFOs   ReconstructedParticle           90
LE_SelectedPandoraPFOs        ReconstructedParticle           83
LE_TightSelectedPandoraPFOs   ReconstructedParticle           82
LooseSelectedPandoraPFOs      ReconstructedParticle           85
LumiCalClusters               Cluster                          0
LumiCalCollection             SimCalorimeterHit                3
LumiCalRecoParticles          ReconstructedParticle            0
LumiCal_Hits                  CalorimeterHit                   3
MCParticles                   MCParticle                     467
MCParticlesSkimmed            MCParticle                     283
MCPhysicsParticles            MCParticle                     467
MUON                          CalorimeterHit                   6
MergedClusters                Cluster                         88
MergedRecoParticles           ReconstructedParticle           91
OTrackerEndcapHits            TrackerHitPlane                 93
OTrackerHits                  TrackerHitPlane                 56
OuterTrackerBarrelCollection  SimTrackerHit                   58
OuterTrackerBarrelHitsRelationsLCRelation                      56
OuterTrackerEndcapCollection  SimTrackerHit                   99
OuterTrackerEndcapHitsRelationsLCRelation                      93
PFOsFromJets                  ReconstructedParticle           91
PandoraClusters               Cluster                         88
PandoraPFOs                   ReconstructedParticle           91
PandoraStartVertices          Vertex                          91
PrimaryVertices               Vertex                           1
PrimaryVertices_RP            ReconstructedParticle            1
RecoMCTruthLink               LCRelation                      91
RefinedVertexJets             ReconstructedParticle            2
RefinedVertexJets_rel         LCRelation                       0
RefinedVertexJets_vtx         Vertex                           0
RefinedVertexJets_vtx_RP      ReconstructedParticle            0
RefinedVertices               Vertex                           0
RefinedVertices_RP            ReconstructedParticle            0
RelationCaloHit               LCRelation                    7925
RelationMuonHit               LCRelation                       6
SelectedPandoraPFOs           ReconstructedParticle           81
SiTracks                      Track                           38
SiTracksCT                    Track                           38
SiTracksMCTruthLink           LCRelation                      41
SiTracks_Refitted             Track                           38
TightSelectedPandoraPFOs      ReconstructedParticle           67
VXDEndcapTrackerHitRelations  LCRelation                      47
VXDEndcapTrackerHits          TrackerHitPlane                 47
VXDTrackerHitRelations        LCRelation                     208
VXDTrackerHits                TrackerHitPlane                208
VertexBarrelCollection        SimTrackerHit                  209
VertexEndcapCollection        SimTrackerHit                   50
VertexJets                    ReconstructedParticle            2
YokeBarrelCollection          SimCalorimeterHit                0
YokeEndcapCollection          SimCalorimeterHit                6
---------------------------------------------------------------------------



///////////////////////////////////
EVENT: 1
RUN: 0
DETECTOR: unknown
COLLECTIONS: (see below)
///////////////////////////////////

---------------------------------------------------------------------------
COLLECTION NAME               COLLECTION TYPE          NUMBER OF ELEMENTS  
===========================================================================
BeamCalCollection             SimCalorimeterHit                0
BuildUpVertices               Vertex                           2
BuildUpVertices_RP            ReconstructedParticle            2
BuildUpVertices_V0            Vertex                           0
BuildUpVertices_V0_RP         ReconstructedParticle            0
CalohitMCTruthLink            LCRelation                    9175
ClusterMCTruthLink            LCRelation                     171
DebugHits                     TrackerHitPlane                  0
ECALBarrel                    CalorimeterHit                7947
ECALEndcap                    CalorimeterHit                 442
ECALOther                     CalorimeterHit                  24
ECalBarrelCollection          SimCalorimeterHit             8569
ECalEndcapCollection          SimCalorimeterHit              475
ECalPlugCollection            SimCalorimeterHit               24
HCALBarrel                    CalorimeterHit                 571
HCALEndcap                    CalorimeterHit                  71
HCALOther                     CalorimeterHit                  30
HCalBarrelCollection          SimCalorimeterHit             1132
HCalEndcapCollection          SimCalorimeterHit              135
HCalRingCollection            SimCalorimeterHit               48
ITrackerEndcapHits            TrackerHitPlane                 66
ITrackerHits                  TrackerHitPlane                161
InnerTrackerBarrelCollection  SimTrackerHit                  169
InnerTrackerBarrelHitsRelationsLCRelation                     161
InnerTrackerEndcapCollection  SimTrackerHit                   72
InnerTrackerEndcapHitsRelationsLCRelation                      66
LE_LooseSelectedPandoraPFOs   ReconstructedParticle           90
LE_SelectedPandoraPFOs        ReconstructedParticle           85
LE_TightSelectedPandoraPFOs   ReconstructedParticle           79
LooseSelectedPandoraPFOs      ReconstructedParticle           87
LumiCalClusters               Cluster                          0
LumiCalCollection             SimCalorimeterHit               30
LumiCalRecoParticles          ReconstructedParticle            0
LumiCal_Hits                  CalorimeterHit                  30
MCParticles                   MCParticle                     561
MCParticlesSkimmed            MCParticle                     333
MCPhysicsParticles            MCParticle                     561
MUON                          CalorimeterHit                   1
MergedClusters                Cluster                         82
MergedRecoParticles           ReconstructedParticle           93
OTrackerEndcapHits            TrackerHitPlane                 58
OTrackerHits                  TrackerHitPlane                207
OuterTrackerBarrelCollection  SimTrackerHit                  226
OuterTrackerBarrelHitsRelationsLCRelation                     207
OuterTrackerEndcapCollection  SimTrackerHit                   71
OuterTrackerEndcapHitsRelationsLCRelation                      58
PFOsFromJets                  ReconstructedParticle           93
PandoraClusters               Cluster                         82
PandoraPFOs                   ReconstructedParticle           93
PandoraStartVertices          Vertex                          93
PrimaryVertices               Vertex                           1
PrimaryVertices_RP            ReconstructedParticle            1
RecoMCTruthLink               LCRelation                      93
RefinedVertexJets             ReconstructedParticle            2
RefinedVertexJets_rel         LCRelation                       1
RefinedVertexJets_vtx         Vertex                           1
RefinedVertexJets_vtx_RP      ReconstructedParticle            1
RefinedVertices               Vertex                           1
RefinedVertices_RP            ReconstructedParticle            1
RelationCaloHit               LCRelation                    9085
RelationMuonHit               LCRelation                       1
SelectedPandoraPFOs           ReconstructedParticle           81
SiTracks                      Track                           43
SiTracksCT                    Track                           43
SiTracksMCTruthLink           LCRelation                      45
SiTracks_Refitted             Track                           43
TightSelectedPandoraPFOs      ReconstructedParticle           73
VXDEndcapTrackerHitRelations  LCRelation                      12
VXDEndcapTrackerHits          TrackerHitPlane                 12
VXDTrackerHitRelations        LCRelation                     262
VXDTrackerHits                TrackerHitPlane                262
VertexBarrelCollection        SimTrackerHit                  267
VertexEndcapCollection        SimTrackerHit                   12
VertexJets                    ReconstructedParticle            2
YokeBarrelCollection          SimCalorimeterHit                0
YokeEndcapCollection          SimCalorimeterHit                1
---------------------------------------------------------------------------



///////////////////////////////////
EVENT: 2
RUN: 0
DETECTOR: unknown
COLLECTIONS: (see below)
///////////////////////////////////

---------------------------------------------------------------------------
COLLECTION NAME               COLLECTION TYPE          NUMBER OF ELEMENTS  
===========================================================================
BeamCalCollection             SimCalorimeterHit                3
BuildUpVertices               Vertex                           2
BuildUpVertices_RP            ReconstructedParticle            2
BuildUpVertices_V0            Vertex                           0
BuildUpVertices_V0_RP         ReconstructedParticle            0
CalohitMCTruthLink            LCRelation                    7118
ClusterMCTruthLink            LCRelation                     136
DebugHits                     TrackerHitPlane                  0
ECALBarrel                    CalorimeterHit                4558
ECALEndcap                    CalorimeterHit                1448
ECALOther                     CalorimeterHit                  25
ECalBarrelCollection          SimCalorimeterHit             4854
ECalEndcapCollection          SimCalorimeterHit             1563
ECalPlugCollection            SimCalorimeterHit               25
HCALBarrel                    CalorimeterHit                1019
HCALEndcap                    CalorimeterHit                  25
HCALOther                     CalorimeterHit                   9
HCalBarrelCollection          SimCalorimeterHit             1794
HCalEndcapCollection          SimCalorimeterHit               32
HCalRingCollection            SimCalorimeterHit               10
ITrackerEndcapHits            TrackerHitPlane                 59
ITrackerHits                  TrackerHitPlane                174
InnerTrackerBarrelCollection  SimTrackerHit                  193
InnerTrackerBarrelHitsRelationsLCRelation                     174
InnerTrackerEndcapCollection  SimTrackerHit                   64
InnerTrackerEndcapHitsRelationsLCRelation                      59
LE_LooseSelectedPandoraPFOs   ReconstructedParticle           74
LE_SelectedPandoraPFOs        ReconstructedParticle           66
LE_TightSelectedPandoraPFOs   ReconstructedParticle           65
LooseSelectedPandoraPFOs      ReconstructedParticle           67
LumiCalClusters               Cluster                          0
LumiCalCollection             SimCalorimeterHit               16
LumiCalRecoParticles          ReconstructedParticle            0
LumiCal_Hits                  CalorimeterHit                  16
MCParticles                   MCParticle                     500
MCParticlesSkimmed            MCParticle                     294
MCPhysicsParticles            MCParticle                     500
MUON                          CalorimeterHit                   7
MergedClusters                Cluster                         71
MergedRecoParticles           ReconstructedParticle           79
OTrackerEndcapHits            TrackerHitPlane                 48
OTrackerHits                  TrackerHitPlane                117
OuterTrackerBarrelCollection  SimTrackerHit                  125
OuterTrackerBarrelHitsRelationsLCRelation                     117
OuterTrackerEndcapCollection  SimTrackerHit                   51
OuterTrackerEndcapHitsRelationsLCRelation                      48
PFOsFromJets                  ReconstructedParticle           79
PandoraClusters               Cluster                         71
PandoraPFOs                   ReconstructedParticle           79
PandoraStartVertices          Vertex                          79
PrimaryVertices               Vertex                           1
PrimaryVertices_RP            ReconstructedParticle            1
RecoMCTruthLink               LCRelation                      79
RefinedVertexJets             ReconstructedParticle            2
RefinedVertexJets_rel         LCRelation                       0
RefinedVertexJets_vtx         Vertex                           0
RefinedVertexJets_vtx_RP      ReconstructedParticle            0
RefinedVertices               Vertex                           0
RefinedVertices_RP            ReconstructedParticle            0
RelationCaloHit               LCRelation                    7084
RelationMuonHit               LCRelation                       7
SelectedPandoraPFOs           ReconstructedParticle           63
SiTracks                      Track                           34
SiTracksCT                    Track                           34
SiTracksMCTruthLink           LCRelation                      36
SiTracks_Refitted             Track                           34
TightSelectedPandoraPFOs      ReconstructedParticle           55
VXDEndcapTrackerHitRelations  LCRelation                      13
VXDEndcapTrackerHits          TrackerHitPlane                 13
VXDTrackerHitRelations        LCRelation                     195
VXDTrackerHits                TrackerHitPlane                195
VertexBarrelCollection        SimTrackerHit                  199
VertexEndcapCollection        SimTrackerHit                   17
VertexJets                    ReconstructedParticle            2
YokeBarrelCollection          SimCalorimeterHit                0
YokeEndcapCollection          SimCalorimeterHit                7
---------------------------------------------------------------------------




  3 events read from files: 
     Output_REC_e4h_input.slcio
