anajob:  will open and read from files: 

     Output_REC.slcio     [ number of runs: 0, number of events: 1 ] 


 will reopen and read from files: 
     Output_REC.slcio
///////////////////////////////////
EVENT: 0
RUN: 0
DETECTOR: unknown
COLLECTIONS: (see below)
///////////////////////////////////

---------------------------------------------------------------------------
COLLECTION NAME               COLLECTION TYPE          NUMBER OF ELEMENTS  
===========================================================================
BeamCalCollection             SimCalorimeterHit                0
BuildUpVertices               Vertex                           4
BuildUpVertices_RP            ReconstructedParticle            4
BuildUpVertices_V0            Vertex                           0
BuildUpVertices_V0_RP         ReconstructedParticle            0
CalohitMCTruthLink            LCRelation                    8730
ClusterMCTruthLink            LCRelation                     157
DebugHits                     TrackerHitPlane                  0
ECALBarrel                    CalorimeterHit                5740
ECALEndcap                    CalorimeterHit                2133
ECALOther                     CalorimeterHit                  57
ECalBarrelCollection          SimCalorimeterHit             6139
ECalEndcapCollection          SimCalorimeterHit             2292
ECalPlugCollection            SimCalorimeterHit               57
HCALBarrel                    CalorimeterHit                 264
HCALEndcap                    CalorimeterHit                 488
HCALOther                     CalorimeterHit                  11
HCalBarrelCollection          SimCalorimeterHit              537
HCalEndcapCollection          SimCalorimeterHit              835
HCalRingCollection            SimCalorimeterHit               14
ITrackerEndcapHits            TrackerHitPlane                107
ITrackerHits                  TrackerHitPlane                 89
InnerTrackerBarrelCollection  SimTrackerHit                   94
InnerTrackerBarrelHitsRelationsLCRelation                      89
InnerTrackerEndcapCollection  SimTrackerHit                  108
InnerTrackerEndcapHitsRelationsLCRelation                     107
LE_LooseSelectedPandoraPFOs   ReconstructedParticle           88
LE_SelectedPandoraPFOs        ReconstructedParticle           85
LE_TightSelectedPandoraPFOs   ReconstructedParticle           82
LooseSelectedPandoraPFOs      ReconstructedParticle           85
LumiCalClusters               Cluster                          0
LumiCalCollection             SimCalorimeterHit                2
LumiCalRecoParticles          ReconstructedParticle            0
LumiCal_Hits                  CalorimeterHit                   2
MCParticles                   MCParticle                     406
MCParticlesSkimmed            MCParticle                     252
MCPhysicsParticles            MCParticle                     406
MUON                          CalorimeterHit                   6
MergedClusters                Cluster                         86
MergedRecoParticles           ReconstructedParticle           89
OTrackerEndcapHits            TrackerHitPlane                 84
OTrackerHits                  TrackerHitPlane                 71
OuterTrackerBarrelCollection  SimTrackerHit                   75
OuterTrackerBarrelHitsRelationsLCRelation                      71
OuterTrackerEndcapCollection  SimTrackerHit                   91
OuterTrackerEndcapHitsRelationsLCRelation                      84
PFOsFromJets                  ReconstructedParticle           89
PandoraClusters               Cluster                         86
PandoraPFOs                   ReconstructedParticle           89
PandoraStartVertices          Vertex                          89
PrimaryVertices               Vertex                           1
PrimaryVertices_RP            ReconstructedParticle            1
RecoMCTruthLink               LCRelation                      89
RefinedVertexJets             ReconstructedParticle            2
RefinedVertexJets_rel         LCRelation                       0
RefinedVertexJets_vtx         Vertex                           0
RefinedVertexJets_vtx_RP      ReconstructedParticle            0
RefinedVertices               Vertex                           0
RefinedVertices_RP            ReconstructedParticle            0
RelationCaloHit               LCRelation                    8693
RelationMuonHit               LCRelation                       6
SelectedPandoraPFOs           ReconstructedParticle           82
SiTracks                      Track                           38
SiTracksCT                    Track                           39
SiTracksMCTruthLink           LCRelation                      39
SiTracks_Refitted             Track                           38
TightSelectedPandoraPFOs      ReconstructedParticle           67
VXDEndcapTrackerHitRelations  LCRelation                      55
VXDEndcapTrackerHits          TrackerHitPlane                 55
VXDTrackerHitRelations        LCRelation                     238
VXDTrackerHits                TrackerHitPlane                238
VertexBarrelCollection        SimTrackerHit                  244
VertexEndcapCollection        SimTrackerHit                   56
VertexJets                    ReconstructedParticle            2
YokeBarrelCollection          SimCalorimeterHit                0
YokeEndcapCollection          SimCalorimeterHit                6
---------------------------------------------------------------------------



///////////////////////////////////
EVENT: 0
RUN: 0
DETECTOR: unknown
COLLECTIONS: (see below)
///////////////////////////////////

---------------------------------------------------------------------------
COLLECTION NAME               COLLECTION TYPE          NUMBER OF ELEMENTS  
===========================================================================
BeamCalCollection             SimCalorimeterHit                6
BuildUpVertices               Vertex                           3
BuildUpVertices_RP            ReconstructedParticle            3
BuildUpVertices_V0            Vertex                           0
BuildUpVertices_V0_RP         ReconstructedParticle            0
CalohitMCTruthLink            LCRelation                    9010
ClusterMCTruthLink            LCRelation                     164
DebugHits                     TrackerHitPlane                  0
ECALBarrel                    CalorimeterHit                7713
ECALEndcap                    CalorimeterHit                 432
ECALOther                     CalorimeterHit                  77
ECalBarrelCollection          SimCalorimeterHit             8280
ECalEndcapCollection          SimCalorimeterHit              461
ECalPlugCollection            SimCalorimeterHit               80
HCALBarrel                    CalorimeterHit                 620
HCALEndcap                    CalorimeterHit                  61
HCALOther                     CalorimeterHit                   6
HCalBarrelCollection          SimCalorimeterHit             1227
HCalEndcapCollection          SimCalorimeterHit              117
HCalRingCollection            SimCalorimeterHit               23
ITrackerEndcapHits            TrackerHitPlane                 66
ITrackerHits                  TrackerHitPlane                159
InnerTrackerBarrelCollection  SimTrackerHit                  163
InnerTrackerBarrelHitsRelationsLCRelation                     159
InnerTrackerEndcapCollection  SimTrackerHit                   73
InnerTrackerEndcapHitsRelationsLCRelation                      66
LE_LooseSelectedPandoraPFOs   ReconstructedParticle           92
LE_SelectedPandoraPFOs        ReconstructedParticle           88
LE_TightSelectedPandoraPFOs   ReconstructedParticle           86
LooseSelectedPandoraPFOs      ReconstructedParticle           87
LumiCalClusters               Cluster                          0
LumiCalCollection             SimCalorimeterHit               22
LumiCalRecoParticles          ReconstructedParticle            0
LumiCal_Hits                  CalorimeterHit                  22
MCParticles                   MCParticle                     494
MCParticlesSkimmed            MCParticle                     304
MCPhysicsParticles            MCParticle                     494
MUON                          CalorimeterHit                   0
MergedClusters                Cluster                         85
MergedRecoParticles           ReconstructedParticle           93
OTrackerEndcapHits            TrackerHitPlane                 75
OTrackerHits                  TrackerHitPlane                107
OuterTrackerBarrelCollection  SimTrackerHit                  114
OuterTrackerBarrelHitsRelationsLCRelation                     107
OuterTrackerEndcapCollection  SimTrackerHit                   84
OuterTrackerEndcapHitsRelationsLCRelation                      75
PFOsFromJets                  ReconstructedParticle           93
PandoraClusters               Cluster                         85
PandoraPFOs                   ReconstructedParticle           93
PandoraStartVertices          Vertex                          93
PrimaryVertices               Vertex                           1
PrimaryVertices_RP            ReconstructedParticle            1
RecoMCTruthLink               LCRelation                      93
RefinedVertexJets             ReconstructedParticle            2
RefinedVertexJets_rel         LCRelation                       2
RefinedVertexJets_vtx         Vertex                           2
RefinedVertexJets_vtx_RP      ReconstructedParticle            2
RefinedVertices               Vertex                           2
RefinedVertices_RP            ReconstructedParticle            2
RelationCaloHit               LCRelation                    8909
RelationMuonHit               LCRelation                       0
SelectedPandoraPFOs           ReconstructedParticle           83
SiTracks                      Track                           43
SiTracksCT                    Track                           43
SiTracksMCTruthLink           LCRelation                      43
SiTracks_Refitted             Track                           43
TightSelectedPandoraPFOs      ReconstructedParticle           70
VXDEndcapTrackerHitRelations  LCRelation                      19
VXDEndcapTrackerHits          TrackerHitPlane                 19
VXDTrackerHitRelations        LCRelation                     268
VXDTrackerHits                TrackerHitPlane                268
VertexBarrelCollection        SimTrackerHit                  268
VertexEndcapCollection        SimTrackerHit                   19
VertexJets                    ReconstructedParticle            2
YokeBarrelCollection          SimCalorimeterHit                0
YokeEndcapCollection          SimCalorimeterHit                0
---------------------------------------------------------------------------



///////////////////////////////////
EVENT: 0
RUN: 0
DETECTOR: unknown
COLLECTIONS: (see below)
///////////////////////////////////

---------------------------------------------------------------------------
COLLECTION NAME               COLLECTION TYPE          NUMBER OF ELEMENTS  
===========================================================================
BeamCalCollection             SimCalorimeterHit                1
BuildUpVertices               Vertex                           2
BuildUpVertices_RP            ReconstructedParticle            2
BuildUpVertices_V0            Vertex                           0
BuildUpVertices_V0_RP         ReconstructedParticle            0
CalohitMCTruthLink            LCRelation                    7873
ClusterMCTruthLink            LCRelation                     128
DebugHits                     TrackerHitPlane                  0
ECALBarrel                    CalorimeterHit                5337
ECALEndcap                    CalorimeterHit                1416
ECALOther                     CalorimeterHit                   0
ECalBarrelCollection          SimCalorimeterHit             5726
ECalEndcapCollection          SimCalorimeterHit             1538
ECalPlugCollection            SimCalorimeterHit                0
HCALBarrel                    CalorimeterHit                 769
HCALEndcap                    CalorimeterHit                  26
HCALOther                     CalorimeterHit                   7
HCalBarrelCollection          SimCalorimeterHit             1439
HCalEndcapCollection          SimCalorimeterHit               34
HCalRingCollection            SimCalorimeterHit                7
ITrackerEndcapHits            TrackerHitPlane                 39
ITrackerHits                  TrackerHitPlane                173
InnerTrackerBarrelCollection  SimTrackerHit                  181
InnerTrackerBarrelHitsRelationsLCRelation                     173
InnerTrackerEndcapCollection  SimTrackerHit                   42
InnerTrackerEndcapHitsRelationsLCRelation                      39
LE_LooseSelectedPandoraPFOs   ReconstructedParticle           73
LE_SelectedPandoraPFOs        ReconstructedParticle           66
LE_TightSelectedPandoraPFOs   ReconstructedParticle           64
LooseSelectedPandoraPFOs      ReconstructedParticle           70
LumiCalClusters               Cluster                          0
LumiCalCollection             SimCalorimeterHit                0
LumiCalRecoParticles          ReconstructedParticle            0
LumiCal_Hits                  CalorimeterHit                   0
MCParticles                   MCParticle                     426
MCParticlesSkimmed            MCParticle                     258
MCPhysicsParticles            MCParticle                     426
MUON                          CalorimeterHit                   6
MergedClusters                Cluster                         65
MergedRecoParticles           ReconstructedParticle           74
OTrackerEndcapHits            TrackerHitPlane                 31
OTrackerHits                  TrackerHitPlane                107
OuterTrackerBarrelCollection  SimTrackerHit                  119
OuterTrackerBarrelHitsRelationsLCRelation                     107
OuterTrackerEndcapCollection  SimTrackerHit                   33
OuterTrackerEndcapHitsRelationsLCRelation                      31
PFOsFromJets                  ReconstructedParticle           74
PandoraClusters               Cluster                         65
PandoraPFOs                   ReconstructedParticle           74
PandoraStartVertices          Vertex                          74
PrimaryVertices               Vertex                           1
PrimaryVertices_RP            ReconstructedParticle            1
RecoMCTruthLink               LCRelation                      74
RefinedVertexJets             ReconstructedParticle            2
RefinedVertexJets_rel         LCRelation                       0
RefinedVertexJets_vtx         Vertex                           0
RefinedVertexJets_vtx_RP      ReconstructedParticle            0
RefinedVertices               Vertex                           0
RefinedVertices_RP            ReconstructedParticle            0
RelationCaloHit               LCRelation                    7555
RelationMuonHit               LCRelation                       6
SelectedPandoraPFOs           ReconstructedParticle           64
SiTracks                      Track                           35
SiTracksCT                    Track                           35
SiTracksMCTruthLink           LCRelation                      36
SiTracks_Refitted             Track                           35
TightSelectedPandoraPFOs      ReconstructedParticle           57
VXDEndcapTrackerHitRelations  LCRelation                      14
VXDEndcapTrackerHits          TrackerHitPlane                 14
VXDTrackerHitRelations        LCRelation                     248
VXDTrackerHits                TrackerHitPlane                248
VertexBarrelCollection        SimTrackerHit                  251
VertexEndcapCollection        SimTrackerHit                   14
VertexJets                    ReconstructedParticle            2
YokeBarrelCollection          SimCalorimeterHit                0
YokeEndcapCollection          SimCalorimeterHit                6
---------------------------------------------------------------------------




  3 events read from files: 
     Output_REC.slcio
