anajob:  will open and read from files: 

     Output_REC_e4h_input.slcio     [ number of runs: 0, number of events: 3 ] 


 will reopen and read from files: 
     Output_REC_e4h_input.slcio
///////////////////////////////////
EVENT: 0
RUN: 0
DETECTOR: unknown
COLLECTIONS: (see below)
///////////////////////////////////

---------------------------------------------------------------------------
COLLECTION NAME               COLLECTION TYPE          NUMBER OF ELEMENTS  
===========================================================================
BeamCalCollection             SimCalorimeterHit                0
BuildUpVertices               Vertex                           4
BuildUpVertices_RP            ReconstructedParticle            4
BuildUpVertices_V0            Vertex                           0
BuildUpVertices_V0_RP         ReconstructedParticle            0
CalohitMCTruthLink            LCRelation                    7904
ClusterMCTruthLink            LCRelation                     143
DebugHits                     TrackerHitPlane                  0
ECALBarrel                    CalorimeterHit                4978
ECALEndcap                    CalorimeterHit                2282
ECALOther                     CalorimeterHit                   5
ECalBarrelCollection          SimCalorimeterHit             5384
ECalEndcapCollection          SimCalorimeterHit             2430
ECalPlugCollection            SimCalorimeterHit                5
HCALBarrel                    CalorimeterHit                 261
HCALEndcap                    CalorimeterHit                 361
HCALOther                     CalorimeterHit                   9
HCalBarrelCollection          SimCalorimeterHit              550
HCalEndcapCollection          SimCalorimeterHit              710
HCalRingCollection            SimCalorimeterHit               13
ITrackerEndcapHits            TrackerHitPlane                 84
ITrackerHits                  TrackerHitPlane                116
InnerTrackerBarrelCollection  SimTrackerHit                  122
InnerTrackerBarrelHitsRelationsLCRelation                     116
InnerTrackerEndcapCollection  SimTrackerHit                   88
InnerTrackerEndcapHitsRelationsLCRelation                      84
LE_LooseSelectedPandoraPFOs   ReconstructedParticle           87
LE_SelectedPandoraPFOs        ReconstructedParticle           82
LE_TightSelectedPandoraPFOs   ReconstructedParticle           80
LooseSelectedPandoraPFOs      ReconstructedParticle           80
LumiCalClusters               Cluster                          0
LumiCalCollection             SimCalorimeterHit               29
LumiCalRecoParticles          ReconstructedParticle            0
LumiCal_Hits                  CalorimeterHit                  29
MCParticles                   MCParticle                     427
MCParticlesSkimmed            MCParticle                     258
MCPhysicsParticles            MCParticle                     427
MUON                          CalorimeterHit                   6
MergedClusters                Cluster                         82
MergedRecoParticles           ReconstructedParticle           87
OTrackerEndcapHits            TrackerHitPlane                 90
OTrackerHits                  TrackerHitPlane                 50
OuterTrackerBarrelCollection  SimTrackerHit                   56
OuterTrackerBarrelHitsRelationsLCRelation                      50
OuterTrackerEndcapCollection  SimTrackerHit                   94
OuterTrackerEndcapHitsRelationsLCRelation                      90
PFOsFromJets                  ReconstructedParticle           87
PandoraClusters               Cluster                         82
PandoraPFOs                   ReconstructedParticle           87
PandoraStartVertices          Vertex                          87
PrimaryVertices               Vertex                           1
PrimaryVertices_RP            ReconstructedParticle            1
RecoMCTruthLink               LCRelation                      87
RefinedVertexJets             ReconstructedParticle            2
RefinedVertexJets_rel         LCRelation                       0
RefinedVertexJets_vtx         Vertex                           0
RefinedVertexJets_vtx_RP      ReconstructedParticle            0
RefinedVertices               Vertex                           0
RefinedVertices_RP            ReconstructedParticle            0
RelationCaloHit               LCRelation                    7896
RelationMuonHit               LCRelation                       6
SelectedPandoraPFOs           ReconstructedParticle           78
SiTracks                      Track                           38
SiTracksCT                    Track                           38
SiTracksMCTruthLink           LCRelation                      40
SiTracks_Refitted             Track                           38
TightSelectedPandoraPFOs      ReconstructedParticle           63
VXDEndcapTrackerHitRelations  LCRelation                      55
VXDEndcapTrackerHits          TrackerHitPlane                 55
VXDTrackerHitRelations        LCRelation                     207
VXDTrackerHits                TrackerHitPlane                207
VertexBarrelCollection        SimTrackerHit                  208
VertexEndcapCollection        SimTrackerHit                   55
VertexJets                    ReconstructedParticle            2
YokeBarrelCollection          SimCalorimeterHit                0
YokeEndcapCollection          SimCalorimeterHit                6
---------------------------------------------------------------------------



///////////////////////////////////
EVENT: 1
RUN: 0
DETECTOR: unknown
COLLECTIONS: (see below)
///////////////////////////////////

---------------------------------------------------------------------------
COLLECTION NAME               COLLECTION TYPE          NUMBER OF ELEMENTS  
===========================================================================
BeamCalCollection             SimCalorimeterHit                0
BuildUpVertices               Vertex                           4
BuildUpVertices_RP            ReconstructedParticle            4
BuildUpVertices_V0            Vertex                           0
BuildUpVertices_V0_RP         ReconstructedParticle            0
CalohitMCTruthLink            LCRelation                    9115
ClusterMCTruthLink            LCRelation                     176
DebugHits                     TrackerHitPlane                  0
ECALBarrel                    CalorimeterHit                7647
ECALEndcap                    CalorimeterHit                 509
ECALOther                     CalorimeterHit                  43
ECalBarrelCollection          SimCalorimeterHit             8208
ECalEndcapCollection          SimCalorimeterHit              541
ECalPlugCollection            SimCalorimeterHit               46
HCALBarrel                    CalorimeterHit                 726
HCALEndcap                    CalorimeterHit                  99
HCALOther                     CalorimeterHit                   5
HCalBarrelCollection          SimCalorimeterHit             1328
HCalEndcapCollection          SimCalorimeterHit              180
HCalRingCollection            SimCalorimeterHit               12
ITrackerEndcapHits            TrackerHitPlane                 90
ITrackerHits                  TrackerHitPlane                157
InnerTrackerBarrelCollection  SimTrackerHit                  162
InnerTrackerBarrelHitsRelationsLCRelation                     157
InnerTrackerEndcapCollection  SimTrackerHit                   97
InnerTrackerEndcapHitsRelationsLCRelation                      90
LE_LooseSelectedPandoraPFOs   ReconstructedParticle           85
LE_SelectedPandoraPFOs        ReconstructedParticle           80
LE_TightSelectedPandoraPFOs   ReconstructedParticle           75
LooseSelectedPandoraPFOs      ReconstructedParticle           84
LumiCalClusters               Cluster                          0
LumiCalCollection             SimCalorimeterHit               27
LumiCalRecoParticles          ReconstructedParticle            0
LumiCal_Hits                  CalorimeterHit                  27
MCParticles                   MCParticle                     527
MCParticlesSkimmed            MCParticle                     299
MCPhysicsParticles            MCParticle                     527
MUON                          CalorimeterHit                   0
MergedClusters                Cluster                         78
MergedRecoParticles           ReconstructedParticle           88
OTrackerEndcapHits            TrackerHitPlane                 68
OTrackerHits                  TrackerHitPlane                148
OuterTrackerBarrelCollection  SimTrackerHit                  172
OuterTrackerBarrelHitsRelationsLCRelation                     148
OuterTrackerEndcapCollection  SimTrackerHit                   79
OuterTrackerEndcapHitsRelationsLCRelation                      68
PFOsFromJets                  ReconstructedParticle           88
PandoraClusters               Cluster                         78
PandoraPFOs                   ReconstructedParticle           88
PandoraStartVertices          Vertex                          88
PrimaryVertices               Vertex                           1
PrimaryVertices_RP            ReconstructedParticle            1
RecoMCTruthLink               LCRelation                      88
RefinedVertexJets             ReconstructedParticle            2
RefinedVertexJets_rel         LCRelation                       3
RefinedVertexJets_vtx         Vertex                           3
RefinedVertexJets_vtx_RP      ReconstructedParticle            3
RefinedVertices               Vertex                           3
RefinedVertices_RP            ReconstructedParticle            3
RelationCaloHit               LCRelation                    9029
RelationMuonHit               LCRelation                       0
SelectedPandoraPFOs           ReconstructedParticle           76
SiTracks                      Track                           45
SiTracksCT                    Track                           45
SiTracksMCTruthLink           LCRelation                      47
SiTracks_Refitted             Track                           45
TightSelectedPandoraPFOs      ReconstructedParticle           65
VXDEndcapTrackerHitRelations  LCRelation                      25
VXDEndcapTrackerHits          TrackerHitPlane                 25
VXDTrackerHitRelations        LCRelation                     280
VXDTrackerHits                TrackerHitPlane                280
VertexBarrelCollection        SimTrackerHit                  280
VertexEndcapCollection        SimTrackerHit                   25
VertexJets                    ReconstructedParticle            2
YokeBarrelCollection          SimCalorimeterHit                0
YokeEndcapCollection          SimCalorimeterHit                0
---------------------------------------------------------------------------



///////////////////////////////////
EVENT: 2
RUN: 0
DETECTOR: unknown
COLLECTIONS: (see below)
///////////////////////////////////

---------------------------------------------------------------------------
COLLECTION NAME               COLLECTION TYPE          NUMBER OF ELEMENTS  
===========================================================================
BeamCalCollection             SimCalorimeterHit                0
BuildUpVertices               Vertex                           2
BuildUpVertices_RP            ReconstructedParticle            2
BuildUpVertices_V0            Vertex                           1
BuildUpVertices_V0_RP         ReconstructedParticle            1
CalohitMCTruthLink            LCRelation                    8112
ClusterMCTruthLink            LCRelation                     130
DebugHits                     TrackerHitPlane                  0
ECALBarrel                    CalorimeterHit                5955
ECALEndcap                    CalorimeterHit                1416
ECALOther                     CalorimeterHit                  16
ECalBarrelCollection          SimCalorimeterHit             6410
ECalEndcapCollection          SimCalorimeterHit             1545
ECalPlugCollection            SimCalorimeterHit               16
HCALBarrel                    CalorimeterHit                 672
HCALEndcap                    CalorimeterHit                  28
HCALOther                     CalorimeterHit                   7
HCalBarrelCollection          SimCalorimeterHit             1212
HCalEndcapCollection          SimCalorimeterHit               39
HCalRingCollection            SimCalorimeterHit                7
ITrackerEndcapHits            TrackerHitPlane                 33
ITrackerHits                  TrackerHitPlane                131
InnerTrackerBarrelCollection  SimTrackerHit                  134
InnerTrackerBarrelHitsRelationsLCRelation                     131
InnerTrackerEndcapCollection  SimTrackerHit                   34
InnerTrackerEndcapHitsRelationsLCRelation                      33
LE_LooseSelectedPandoraPFOs   ReconstructedParticle           79
LE_SelectedPandoraPFOs        ReconstructedParticle           73
LE_TightSelectedPandoraPFOs   ReconstructedParticle           70
LooseSelectedPandoraPFOs      ReconstructedParticle           75
LumiCalClusters               Cluster                          0
LumiCalCollection             SimCalorimeterHit               12
LumiCalRecoParticles          ReconstructedParticle            0
LumiCal_Hits                  CalorimeterHit                  12
MCParticles                   MCParticle                     403
MCParticlesSkimmed            MCParticle                     267
MCPhysicsParticles            MCParticle                     403
MUON                          CalorimeterHit                   6
MergedClusters                Cluster                         75
MergedRecoParticles           ReconstructedParticle           84
OTrackerEndcapHits            TrackerHitPlane                 39
OTrackerHits                  TrackerHitPlane                106
OuterTrackerBarrelCollection  SimTrackerHit                  113
OuterTrackerBarrelHitsRelationsLCRelation                     106
OuterTrackerEndcapCollection  SimTrackerHit                   49
OuterTrackerEndcapHitsRelationsLCRelation                      39
PFOsFromJets                  ReconstructedParticle           84
PandoraClusters               Cluster                         75
PandoraPFOs                   ReconstructedParticle           84
PandoraStartVertices          Vertex                          84
PrimaryVertices               Vertex                           1
PrimaryVertices_RP            ReconstructedParticle            1
RecoMCTruthLink               LCRelation                      84
RefinedVertexJets             ReconstructedParticle            2
RefinedVertexJets_rel         LCRelation                       0
RefinedVertexJets_vtx         Vertex                           0
RefinedVertexJets_vtx_RP      ReconstructedParticle            0
RefinedVertices               Vertex                           0
RefinedVertices_RP            ReconstructedParticle            0
RelationCaloHit               LCRelation                    8094
RelationMuonHit               LCRelation                       6
SelectedPandoraPFOs           ReconstructedParticle           68
SiTracks                      Track                           36
SiTracksCT                    Track                           36
SiTracksMCTruthLink           LCRelation                      37
SiTracks_Refitted             Track                           36
TightSelectedPandoraPFOs      ReconstructedParticle           61
VXDEndcapTrackerHitRelations  LCRelation                       5
VXDEndcapTrackerHits          TrackerHitPlane                  5
VXDTrackerHitRelations        LCRelation                     209
VXDTrackerHits                TrackerHitPlane                209
VertexBarrelCollection        SimTrackerHit                  214
VertexEndcapCollection        SimTrackerHit                    5
VertexJets                    ReconstructedParticle            2
YokeBarrelCollection          SimCalorimeterHit                0
YokeEndcapCollection          SimCalorimeterHit                6
---------------------------------------------------------------------------




  3 events read from files: 
     Output_REC_e4h_input.slcio
