anajob:  will open and read from files: 

     Output_DST_e4h_input.slcio     [ number of runs: 0, number of events: 3 ] 


 will reopen and read from files: 
     Output_DST_e4h_input.slcio
///////////////////////////////////
EVENT: 0
RUN: 0
DETECTOR: unknown
COLLECTIONS: (see below)
///////////////////////////////////

---------------------------------------------------------------------------
COLLECTION NAME               COLLECTION TYPE          NUMBER OF ELEMENTS  
===========================================================================
BuildUpVertices               Vertex                           4
BuildUpVertices_RP            ReconstructedParticle            4
BuildUpVertices_V0            Vertex                           0
BuildUpVertices_V0_RP         ReconstructedParticle            0
LE_LooseSelectedPandoraPFOs   ReconstructedParticle           88
LE_SelectedPandoraPFOs        ReconstructedParticle           85
LE_TightSelectedPandoraPFOs   ReconstructedParticle           82
LooseSelectedPandoraPFOs      ReconstructedParticle           85
LumiCalClusters               Cluster                          0
LumiCalRecoParticles          ReconstructedParticle            0
MCParticlesSkimmed            MCParticle                     252
MCPhysicsParticles            MCParticle                     406
MergedClusters                Cluster                         86
MergedRecoParticles           ReconstructedParticle           89
PandoraClusters               Cluster                         86
PandoraPFOs                   ReconstructedParticle           89
PandoraStartVertices          Vertex                          89
PrimaryVertices               Vertex                           1
PrimaryVertices_RP            ReconstructedParticle            1
RecoMCTruthLink               LCRelation                      89
RefinedVertexJets             ReconstructedParticle            2
RefinedVertexJets_rel         LCRelation                       0
RefinedVertexJets_vtx         Vertex                           0
RefinedVertexJets_vtx_RP      ReconstructedParticle            0
RefinedVertices               Vertex                           0
RefinedVertices_RP            ReconstructedParticle            0
SelectedPandoraPFOs           ReconstructedParticle           82
SiTracks                      Track                           38
SiTracks_Refitted             Track                           38
TightSelectedPandoraPFOs      ReconstructedParticle           67
---------------------------------------------------------------------------



///////////////////////////////////
EVENT: 1
RUN: 0
DETECTOR: unknown
COLLECTIONS: (see below)
///////////////////////////////////

---------------------------------------------------------------------------
COLLECTION NAME               COLLECTION TYPE          NUMBER OF ELEMENTS  
===========================================================================
BuildUpVertices               Vertex                           2
BuildUpVertices_RP            ReconstructedParticle            2
BuildUpVertices_V0            Vertex                           0
BuildUpVertices_V0_RP         ReconstructedParticle            0
LE_LooseSelectedPandoraPFOs   ReconstructedParticle           92
LE_SelectedPandoraPFOs        ReconstructedParticle           88
LE_TightSelectedPandoraPFOs   ReconstructedParticle           86
LooseSelectedPandoraPFOs      ReconstructedParticle           87
LumiCalClusters               Cluster                          0
LumiCalRecoParticles          ReconstructedParticle            0
MCParticlesSkimmed            MCParticle                     304
MCPhysicsParticles            MCParticle                     494
MergedClusters                Cluster                         85
MergedRecoParticles           ReconstructedParticle           93
PandoraClusters               Cluster                         85
PandoraPFOs                   ReconstructedParticle           93
PandoraStartVertices          Vertex                          93
PrimaryVertices               Vertex                           1
PrimaryVertices_RP            ReconstructedParticle            1
RecoMCTruthLink               LCRelation                      93
RefinedVertexJets             ReconstructedParticle            2
RefinedVertexJets_rel         LCRelation                       1
RefinedVertexJets_vtx         Vertex                           1
RefinedVertexJets_vtx_RP      ReconstructedParticle            1
RefinedVertices               Vertex                           1
RefinedVertices_RP            ReconstructedParticle            1
SelectedPandoraPFOs           ReconstructedParticle           82
SiTracks                      Track                           43
SiTracks_Refitted             Track                           43
TightSelectedPandoraPFOs      ReconstructedParticle           69
---------------------------------------------------------------------------



///////////////////////////////////
EVENT: 2
RUN: 0
DETECTOR: unknown
COLLECTIONS: (see below)
///////////////////////////////////

---------------------------------------------------------------------------
COLLECTION NAME               COLLECTION TYPE          NUMBER OF ELEMENTS  
===========================================================================
BuildUpVertices               Vertex                           2
BuildUpVertices_RP            ReconstructedParticle            2
BuildUpVertices_V0            Vertex                           0
BuildUpVertices_V0_RP         ReconstructedParticle            0
LE_LooseSelectedPandoraPFOs   ReconstructedParticle           73
LE_SelectedPandoraPFOs        ReconstructedParticle           66
LE_TightSelectedPandoraPFOs   ReconstructedParticle           64
LooseSelectedPandoraPFOs      ReconstructedParticle           70
LumiCalClusters               Cluster                          0
LumiCalRecoParticles          ReconstructedParticle            0
MCParticlesSkimmed            MCParticle                     258
MCPhysicsParticles            MCParticle                     426
MergedClusters                Cluster                         65
MergedRecoParticles           ReconstructedParticle           74
PandoraClusters               Cluster                         65
PandoraPFOs                   ReconstructedParticle           74
PandoraStartVertices          Vertex                          74
PrimaryVertices               Vertex                           1
PrimaryVertices_RP            ReconstructedParticle            1
RecoMCTruthLink               LCRelation                      74
RefinedVertexJets             ReconstructedParticle            2
RefinedVertexJets_rel         LCRelation                       0
RefinedVertexJets_vtx         Vertex                           0
RefinedVertexJets_vtx_RP      ReconstructedParticle            0
RefinedVertices               Vertex                           0
RefinedVertices_RP            ReconstructedParticle            0
SelectedPandoraPFOs           ReconstructedParticle           64
SiTracks                      Track                           35
SiTracks_Refitted             Track                           35
TightSelectedPandoraPFOs      ReconstructedParticle           57
---------------------------------------------------------------------------




  3 events read from files: 
     Output_DST_e4h_input.slcio
