anajob:  will open and read from files: 

     Output_REC_e4h_input.slcio     [ number of runs: 0, number of events: 3 ] 


 will reopen and read from files: 
     Output_REC_e4h_input.slcio
///////////////////////////////////
EVENT: 0
RUN: 0
DETECTOR: unknown
COLLECTIONS: (see below)
///////////////////////////////////

---------------------------------------------------------------------------
COLLECTION NAME               COLLECTION TYPE          NUMBER OF ELEMENTS  
===========================================================================
BeamCalCollection             SimCalorimeterHit                0
BuildUpVertices               Vertex                           3
BuildUpVertices_RP            ReconstructedParticle            3
BuildUpVertices_V0            Vertex                           0
BuildUpVertices_V0_RP         ReconstructedParticle            0
CalohitMCTruthLink            LCRelation                    8708
ClusterMCTruthLink            LCRelation                     185
DebugHits                     TrackerHitPlane                  0
ECALBarrel                    CalorimeterHit                5423
ECALEndcap                    CalorimeterHit                2659
ECALOther                     CalorimeterHit                  13
ECalBarrelCollection          SimCalorimeterHit             5829
ECalEndcapCollection          SimCalorimeterHit             2874
ECalPlugCollection            SimCalorimeterHit               13
HCALBarrel                    CalorimeterHit                 259
HCALEndcap                    CalorimeterHit                 299
HCALOther                     CalorimeterHit                   2
HCalBarrelCollection          SimCalorimeterHit              483
HCalEndcapCollection          SimCalorimeterHit              530
HCalRingCollection            SimCalorimeterHit                6
ITrackerEndcapHits            TrackerHitPlane                119
ITrackerHits                  TrackerHitPlane                131
InnerTrackerBarrelCollection  SimTrackerHit                  158
InnerTrackerBarrelHitsRelationsLCRelation                     131
InnerTrackerEndcapCollection  SimTrackerHit                  125
InnerTrackerEndcapHitsRelationsLCRelation                     119
LE_LooseSelectedPandoraPFOs   ReconstructedParticle          101
LE_SelectedPandoraPFOs        ReconstructedParticle           95
LE_TightSelectedPandoraPFOs   ReconstructedParticle           94
LooseSelectedPandoraPFOs      ReconstructedParticle           93
LumiCalClusters               Cluster                          0
LumiCalCollection             SimCalorimeterHit                4
LumiCalRecoParticles          ReconstructedParticle            0
LumiCal_Hits                  CalorimeterHit                   4
MCParticles                   MCParticle                     521
MCParticlesSkimmed            MCParticle                     301
MCPhysicsParticles            MCParticle                     521
MUON                          CalorimeterHit                   6
MergedClusters                Cluster                         99
MergedRecoParticles           ReconstructedParticle          104
OTrackerEndcapHits            TrackerHitPlane                107
OTrackerHits                  TrackerHitPlane                 95
OuterTrackerBarrelCollection  SimTrackerHit                  100
OuterTrackerBarrelHitsRelationsLCRelation                      95
OuterTrackerEndcapCollection  SimTrackerHit                  117
OuterTrackerEndcapHitsRelationsLCRelation                     107
PFOsFromJets                  ReconstructedParticle          104
PandoraClusters               Cluster                         99
PandoraPFOs                   ReconstructedParticle          104
PandoraStartVertices          Vertex                         104
PrimaryVertices               Vertex                           1
PrimaryVertices_RP            ReconstructedParticle            1
RecoMCTruthLink               LCRelation                     104
RefinedVertexJets             ReconstructedParticle            2
RefinedVertexJets_rel         LCRelation                       0
RefinedVertexJets_vtx         Vertex                           0
RefinedVertexJets_vtx_RP      ReconstructedParticle            0
RefinedVertices               Vertex                           0
RefinedVertices_RP            ReconstructedParticle            0
RelationCaloHit               LCRelation                    8655
RelationMuonHit               LCRelation                       6
SelectedPandoraPFOs           ReconstructedParticle           91
SiTracks                      Track                           42
SiTracksCT                    Track                           43
SiTracksMCTruthLink           LCRelation                      45
SiTracks_Refitted             Track                           42
TightSelectedPandoraPFOs      ReconstructedParticle           78
VXDEndcapTrackerHitRelations  LCRelation                      45
VXDEndcapTrackerHits          TrackerHitPlane                 45
VXDTrackerHitRelations        LCRelation                     213
VXDTrackerHits                TrackerHitPlane                213
VertexBarrelCollection        SimTrackerHit                  219
VertexEndcapCollection        SimTrackerHit                   45
VertexJets                    ReconstructedParticle            2
YokeBarrelCollection          SimCalorimeterHit                0
YokeEndcapCollection          SimCalorimeterHit                6
---------------------------------------------------------------------------



///////////////////////////////////
EVENT: 1
RUN: 0
DETECTOR: unknown
COLLECTIONS: (see below)
///////////////////////////////////

---------------------------------------------------------------------------
COLLECTION NAME               COLLECTION TYPE          NUMBER OF ELEMENTS  
===========================================================================
BeamCalCollection             SimCalorimeterHit               11
BuildUpVertices               Vertex                           3
BuildUpVertices_RP            ReconstructedParticle            3
BuildUpVertices_V0            Vertex                           0
BuildUpVertices_V0_RP         ReconstructedParticle            0
CalohitMCTruthLink            LCRelation                    8854
ClusterMCTruthLink            LCRelation                     151
DebugHits                     TrackerHitPlane                  0
ECALBarrel                    CalorimeterHit                7139
ECALEndcap                    CalorimeterHit                 692
ECALOther                     CalorimeterHit                  44
ECalBarrelCollection          SimCalorimeterHit             7665
ECalEndcapCollection          SimCalorimeterHit              727
ECalPlugCollection            SimCalorimeterHit               46
HCALBarrel                    CalorimeterHit                 749
HCALEndcap                    CalorimeterHit                  79
HCALOther                     CalorimeterHit                  12
HCalBarrelCollection          SimCalorimeterHit             1440
HCalEndcapCollection          SimCalorimeterHit              129
HCalRingCollection            SimCalorimeterHit               29
ITrackerEndcapHits            TrackerHitPlane                 71
ITrackerHits                  TrackerHitPlane                188
InnerTrackerBarrelCollection  SimTrackerHit                  197
InnerTrackerBarrelHitsRelationsLCRelation                     188
InnerTrackerEndcapCollection  SimTrackerHit                   77
InnerTrackerEndcapHitsRelationsLCRelation                      71
LE_LooseSelectedPandoraPFOs   ReconstructedParticle           88
LE_SelectedPandoraPFOs        ReconstructedParticle           83
LE_TightSelectedPandoraPFOs   ReconstructedParticle           79
LooseSelectedPandoraPFOs      ReconstructedParticle           82
LumiCalClusters               Cluster                          0
LumiCalCollection             SimCalorimeterHit               25
LumiCalRecoParticles          ReconstructedParticle            0
LumiCal_Hits                  CalorimeterHit                  25
MCParticles                   MCParticle                     540
MCParticlesSkimmed            MCParticle                     307
MCPhysicsParticles            MCParticle                     540
MUON                          CalorimeterHit                   0
MergedClusters                Cluster                         82
MergedRecoParticles           ReconstructedParticle           90
OTrackerEndcapHits            TrackerHitPlane                 58
OTrackerHits                  TrackerHitPlane                123
OuterTrackerBarrelCollection  SimTrackerHit                  138
OuterTrackerBarrelHitsRelationsLCRelation                     123
OuterTrackerEndcapCollection  SimTrackerHit                   65
OuterTrackerEndcapHitsRelationsLCRelation                      58
PFOsFromJets                  ReconstructedParticle           90
PandoraClusters               Cluster                         82
PandoraPFOs                   ReconstructedParticle           90
PandoraStartVertices          Vertex                          90
PrimaryVertices               Vertex                           1
PrimaryVertices_RP            ReconstructedParticle            1
RecoMCTruthLink               LCRelation                      90
RefinedVertexJets             ReconstructedParticle            2
RefinedVertexJets_rel         LCRelation                       3
RefinedVertexJets_vtx         Vertex                           3
RefinedVertexJets_vtx_RP      ReconstructedParticle            3
RefinedVertices               Vertex                           3
RefinedVertices_RP            ReconstructedParticle            3
RelationCaloHit               LCRelation                    8715
RelationMuonHit               LCRelation                       0
SelectedPandoraPFOs           ReconstructedParticle           79
SiTracks                      Track                           43
SiTracksCT                    Track                           43
SiTracksMCTruthLink           LCRelation                      43
SiTracks_Refitted             Track                           43
TightSelectedPandoraPFOs      ReconstructedParticle           67
VXDEndcapTrackerHitRelations  LCRelation                      23
VXDEndcapTrackerHits          TrackerHitPlane                 23
VXDTrackerHitRelations        LCRelation                     331
VXDTrackerHits                TrackerHitPlane                331
VertexBarrelCollection        SimTrackerHit                  336
VertexEndcapCollection        SimTrackerHit                   23
VertexJets                    ReconstructedParticle            2
YokeBarrelCollection          SimCalorimeterHit                0
YokeEndcapCollection          SimCalorimeterHit                0
---------------------------------------------------------------------------



///////////////////////////////////
EVENT: 2
RUN: 0
DETECTOR: unknown
COLLECTIONS: (see below)
///////////////////////////////////

---------------------------------------------------------------------------
COLLECTION NAME               COLLECTION TYPE          NUMBER OF ELEMENTS  
===========================================================================
BeamCalCollection             SimCalorimeterHit                0
BuildUpVertices               Vertex                           2
BuildUpVertices_RP            ReconstructedParticle            2
BuildUpVertices_V0            Vertex                           0
BuildUpVertices_V0_RP         ReconstructedParticle            0
CalohitMCTruthLink            LCRelation                    7359
ClusterMCTruthLink            LCRelation                     114
DebugHits                     TrackerHitPlane                  0
ECALBarrel                    CalorimeterHit                5130
ECALEndcap                    CalorimeterHit                1411
ECALOther                     CalorimeterHit                  32
ECalBarrelCollection          SimCalorimeterHit             5468
ECalEndcapCollection          SimCalorimeterHit             1530
ECalPlugCollection            SimCalorimeterHit               32
HCALBarrel                    CalorimeterHit                 725
HCALEndcap                    CalorimeterHit                  30
HCALOther                     CalorimeterHit                  14
HCalBarrelCollection          SimCalorimeterHit             1334
HCalEndcapCollection          SimCalorimeterHit               55
HCalRingCollection            SimCalorimeterHit               17
ITrackerEndcapHits            TrackerHitPlane                 35
ITrackerHits                  TrackerHitPlane                145
InnerTrackerBarrelCollection  SimTrackerHit                  153
InnerTrackerBarrelHitsRelationsLCRelation                     145
InnerTrackerEndcapCollection  SimTrackerHit                   42
InnerTrackerEndcapHitsRelationsLCRelation                      35
LE_LooseSelectedPandoraPFOs   ReconstructedParticle           70
LE_SelectedPandoraPFOs        ReconstructedParticle           62
LE_TightSelectedPandoraPFOs   ReconstructedParticle           58
LooseSelectedPandoraPFOs      ReconstructedParticle           66
LumiCalClusters               Cluster                          0
LumiCalCollection             SimCalorimeterHit                1
LumiCalRecoParticles          ReconstructedParticle            0
LumiCal_Hits                  CalorimeterHit                   1
MCParticles                   MCParticle                     492
MCParticlesSkimmed            MCParticle                     251
MCPhysicsParticles            MCParticle                     492
MUON                          CalorimeterHit                   7
MergedClusters                Cluster                         61
MergedRecoParticles           ReconstructedParticle           72
OTrackerEndcapHits            TrackerHitPlane                 32
OTrackerHits                  TrackerHitPlane                154
OuterTrackerBarrelCollection  SimTrackerHit                  176
OuterTrackerBarrelHitsRelationsLCRelation                     154
OuterTrackerEndcapCollection  SimTrackerHit                   39
OuterTrackerEndcapHitsRelationsLCRelation                      32
PFOsFromJets                  ReconstructedParticle           72
PandoraClusters               Cluster                         61
PandoraPFOs                   ReconstructedParticle           72
PandoraStartVertices          Vertex                          72
PrimaryVertices               Vertex                           1
PrimaryVertices_RP            ReconstructedParticle            1
RecoMCTruthLink               LCRelation                      72
RefinedVertexJets             ReconstructedParticle            2
RefinedVertexJets_rel         LCRelation                       0
RefinedVertexJets_vtx         Vertex                           0
RefinedVertexJets_vtx_RP      ReconstructedParticle            0
RefinedVertices               Vertex                           0
RefinedVertices_RP            ReconstructedParticle            0
RelationCaloHit               LCRelation                    7342
RelationMuonHit               LCRelation                       7
SelectedPandoraPFOs           ReconstructedParticle           59
SiTracks                      Track                           36
SiTracksCT                    Track                           36
SiTracksMCTruthLink           LCRelation                      38
SiTracks_Refitted             Track                           36
TightSelectedPandoraPFOs      ReconstructedParticle           55
VXDEndcapTrackerHitRelations  LCRelation                      13
VXDEndcapTrackerHits          TrackerHitPlane                 13
VXDTrackerHitRelations        LCRelation                     204
VXDTrackerHits                TrackerHitPlane                204
VertexBarrelCollection        SimTrackerHit                  204
VertexEndcapCollection        SimTrackerHit                   13
VertexJets                    ReconstructedParticle            2
YokeBarrelCollection          SimCalorimeterHit                1
YokeEndcapCollection          SimCalorimeterHit                6
---------------------------------------------------------------------------




  3 events read from files: 
     Output_REC_e4h_input.slcio
