input file: my_output.root

Frame categories in this file (this is a legacy file!):
Name                 Entries   
-------------------------------
events               3         

#################################### events 0 ####################################
Collections:
Name                           Type                                     Size      
----------------------------------------------------------------------------------
VertexJets                     edm4hep::ReconstructedParticle           2         
PrimaryVertices                edm4hep::Vertex                          1         
BuildUpVertices_V0             edm4hep::Vertex                          0         
PFOsFromJets                   edm4hep::ReconstructedParticle           89        
LE_TightSelectedPandoraPFOs    edm4hep::ReconstructedParticle           82        
LE_LooseSelectedPandoraPFOs    edm4hep::ReconstructedParticle           88        
BuildUpVertices                edm4hep::Vertex                          4         
LE_SelectedPandoraPFOs         edm4hep::ReconstructedParticle           85        
TightSelectedPandoraPFOs       edm4hep::ReconstructedParticle           67        
SiTracksMCTruthLink            edm4hep::MCRecoTrackParticleAssociation  39        
PandoraClusters                edm4hep::Cluster                         86        
YokeEndcapCollectionContributions edm4hep::CaloHitContribution             33        
MCPhysicsParticles             edm4hep::MCParticle                      406       
RefinedVertexJets              edm4hep::ReconstructedParticle           2         
DebugHits                      edm4hep::TrackerHitPlane                 0         
HCalEndcapCollectionContributions edm4hep::CaloHitContribution             8848      
OTrackerHits                   edm4hep::TrackerHitPlane                 71        
HCalEndcapCollection           edm4hep::SimCalorimeterHit               4229      
HCalBarrelCollectionContributions edm4hep::CaloHitContribution             6821      
ECalBarrelCollectionContributions edm4hep::CaloHitContribution             49272     
MCParticles                    edm4hep::MCParticle                      406       
ECalBarrelCollection           edm4hep::SimCalorimeterHit               7238      
InnerTrackerEndcapCollection   edm4hep::SimTrackerHit                   113       
ECALBarrel                     edm4hep::CalorimeterHit                  5740      
InnerTrackerBarrelCollection   edm4hep::SimTrackerHit                   134       
OuterTrackerBarrelCollection   edm4hep::SimTrackerHit                   97        
OTrackerEndcapHits             edm4hep::TrackerHitPlane                 84        
SelectedPandoraPFOs            edm4hep::ReconstructedParticle           82        
LumiCalClusters                edm4hep::Cluster                         0         
LumiCalRecoParticles           edm4hep::ReconstructedParticle           0         
VXDTrackerHits                 edm4hep::TrackerHitPlane                 238       
MCParticlesSkimmed             edm4hep::MCParticle                      252       
HCalRingCollection             edm4hep::SimCalorimeterHit               110       
BeamCalCollectionContributions edm4hep::CaloHitContribution             0         
YokeBarrelCollection           edm4hep::SimCalorimeterHit               0         
ITrackerHits                   edm4hep::TrackerHitPlane                 89        
OuterTrackerEndcapCollection   edm4hep::SimTrackerHit                   110       
LumiCalCollectionContributions edm4hep::CaloHitContribution             31        
RefinedVertices                edm4hep::Vertex                          0         
HCALBarrel                     edm4hep::CalorimeterHit                  264       
BeamCalCollection              edm4hep::SimCalorimeterHit               0         
HCalBarrelCollection           edm4hep::SimCalorimeterHit               3298      
LumiCalCollection              edm4hep::SimCalorimeterHit               12        
ECalEndcapCollection           edm4hep::SimCalorimeterHit               2739      
RecoMCTruthLink                edm4hep::MCRecoParticleAssociation       89        
VertexBarrelCollection         edm4hep::SimTrackerHit                   244       
ECalPlugCollection             edm4hep::SimCalorimeterHit               61        
ECalPlugCollectionContributions edm4hep::CaloHitContribution             218       
YokeBarrelCollectionContributions edm4hep::CaloHitContribution             0         
SiTracks_Refitted              edm4hep::Track                           38        
HCalRingCollectionContributions edm4hep::CaloHitContribution             160       
VertexEndcapCollection         edm4hep::SimTrackerHit                   56        
VXDEndcapTrackerHits           edm4hep::TrackerHitPlane                 55        
HCALOther                      edm4hep::CalorimeterHit                  11        
SiTracksCT                     edm4hep::Track                           39        
PandoraStartVertices           edm4hep::Vertex                          89        
SiTracks                       edm4hep::Track                           38        
ECALEndcap                     edm4hep::CalorimeterHit                  2133      
ITrackerEndcapHits             edm4hep::TrackerHitPlane                 107       
ECALOther                      edm4hep::CalorimeterHit                  57        
HCALEndcap                     edm4hep::CalorimeterHit                  488       
ECalEndcapCollectionContributions edm4hep::CaloHitContribution             14120     
RelationCaloHit                edm4hep::MCRecoCaloAssociation           8693      
MUON                           edm4hep::CalorimeterHit                  6         
ParticleID_EXT                 edm4hep::ParticleID                      0         
YokeEndcapCollection           edm4hep::SimCalorimeterHit               6         
RelationMuonHit                edm4hep::MCRecoCaloAssociation           6         
PandoraPFOs                    edm4hep::ReconstructedParticle           89        
Vertex_EXT                     edm4hep::Vertex                          0         
EventHeader                    edm4hep::EventHeader                     1         
LumiCal_Hits                   edm4hep::CalorimeterHit                  2         
MergedRecoParticles            edm4hep::ReconstructedParticle           89        
MergedClusters                 edm4hep::Cluster                         86        
CalohitMCTruthLink             edm4hep::MCRecoCaloParticleAssociation   8730      

Parameters:
Name                           Type         Elements  
------------------------------------------------------


#################################### events 1 ####################################
Collections:
Name                           Type                                     Size      
----------------------------------------------------------------------------------
VertexJets                     edm4hep::ReconstructedParticle           2         
PrimaryVertices                edm4hep::Vertex                          1         
BuildUpVertices_V0             edm4hep::Vertex                          0         
PFOsFromJets                   edm4hep::ReconstructedParticle           93        
LE_TightSelectedPandoraPFOs    edm4hep::ReconstructedParticle           86        
LE_LooseSelectedPandoraPFOs    edm4hep::ReconstructedParticle           92        
BuildUpVertices                edm4hep::Vertex                          3         
LE_SelectedPandoraPFOs         edm4hep::ReconstructedParticle           88        
TightSelectedPandoraPFOs       edm4hep::ReconstructedParticle           70        
SiTracksMCTruthLink            edm4hep::MCRecoTrackParticleAssociation  43        
PandoraClusters                edm4hep::Cluster                         85        
YokeEndcapCollectionContributions edm4hep::CaloHitContribution             0         
MCPhysicsParticles             edm4hep::MCParticle                      494       
RefinedVertexJets              edm4hep::ReconstructedParticle           2         
DebugHits                      edm4hep::TrackerHitPlane                 0         
HCalEndcapCollectionContributions edm4hep::CaloHitContribution             2280      
OTrackerHits                   edm4hep::TrackerHitPlane                 107       
HCalEndcapCollection           edm4hep::SimCalorimeterHit               1205      
HCalBarrelCollectionContributions edm4hep::CaloHitContribution             16629     
ECalBarrelCollectionContributions edm4hep::CaloHitContribution             73249     
MCParticles                    edm4hep::MCParticle                      494       
ECalBarrelCollection           edm4hep::SimCalorimeterHit               9602      
InnerTrackerEndcapCollection   edm4hep::SimTrackerHit                   101       
ECALBarrel                     edm4hep::CalorimeterHit                  7713      
InnerTrackerBarrelCollection   edm4hep::SimTrackerHit                   291       
OuterTrackerBarrelCollection   edm4hep::SimTrackerHit                   133       
OTrackerEndcapHits             edm4hep::TrackerHitPlane                 75        
SelectedPandoraPFOs            edm4hep::ReconstructedParticle           83        
LumiCalClusters                edm4hep::Cluster                         0         
LumiCalRecoParticles           edm4hep::ReconstructedParticle           0         
VXDTrackerHits                 edm4hep::TrackerHitPlane                 268       
MCParticlesSkimmed             edm4hep::MCParticle                      304       
HCalRingCollection             edm4hep::SimCalorimeterHit               347       
BeamCalCollectionContributions edm4hep::CaloHitContribution             6         
YokeBarrelCollection           edm4hep::SimCalorimeterHit               0         
ITrackerHits                   edm4hep::TrackerHitPlane                 159       
OuterTrackerEndcapCollection   edm4hep::SimTrackerHit                   96        
LumiCalCollectionContributions edm4hep::CaloHitContribution             182       
RefinedVertices                edm4hep::Vertex                          2         
HCALBarrel                     edm4hep::CalorimeterHit                  620       
BeamCalCollection              edm4hep::SimCalorimeterHit               6         
HCalBarrelCollection           edm4hep::SimCalorimeterHit               7806      
LumiCalCollection              edm4hep::SimCalorimeterHit               28        
ECalEndcapCollection           edm4hep::SimCalorimeterHit               862       
RecoMCTruthLink                edm4hep::MCRecoParticleAssociation       93        
VertexBarrelCollection         edm4hep::SimTrackerHit                   280       
ECalPlugCollection             edm4hep::SimCalorimeterHit               97        
ECalPlugCollectionContributions edm4hep::CaloHitContribution             183       
YokeBarrelCollectionContributions edm4hep::CaloHitContribution             0         
SiTracks_Refitted              edm4hep::Track                           43        
HCalRingCollectionContributions edm4hep::CaloHitContribution             661       
VertexEndcapCollection         edm4hep::SimTrackerHit                   19        
VXDEndcapTrackerHits           edm4hep::TrackerHitPlane                 19        
HCALOther                      edm4hep::CalorimeterHit                  6         
SiTracksCT                     edm4hep::Track                           43        
PandoraStartVertices           edm4hep::Vertex                          93        
SiTracks                       edm4hep::Track                           43        
ECALEndcap                     edm4hep::CalorimeterHit                  432       
ITrackerEndcapHits             edm4hep::TrackerHitPlane                 66        
ECALOther                      edm4hep::CalorimeterHit                  77        
HCALEndcap                     edm4hep::CalorimeterHit                  61        
ECalEndcapCollectionContributions edm4hep::CaloHitContribution             2826      
RelationCaloHit                edm4hep::MCRecoCaloAssociation           8909      
MUON                           edm4hep::CalorimeterHit                  0         
ParticleID_EXT                 edm4hep::ParticleID                      0         
YokeEndcapCollection           edm4hep::SimCalorimeterHit               0         
RelationMuonHit                edm4hep::MCRecoCaloAssociation           0         
PandoraPFOs                    edm4hep::ReconstructedParticle           93        
Vertex_EXT                     edm4hep::Vertex                          0         
EventHeader                    edm4hep::EventHeader                     1         
LumiCal_Hits                   edm4hep::CalorimeterHit                  22        
MergedRecoParticles            edm4hep::ReconstructedParticle           93        
MergedClusters                 edm4hep::Cluster                         85        
CalohitMCTruthLink             edm4hep::MCRecoCaloParticleAssociation   9010      

Parameters:
Name                           Type         Elements  
------------------------------------------------------


#################################### events 2 ####################################
Collections:
Name                           Type                                     Size      
----------------------------------------------------------------------------------
VertexJets                     edm4hep::ReconstructedParticle           2         
PrimaryVertices                edm4hep::Vertex                          1         
BuildUpVertices_V0             edm4hep::Vertex                          0         
PFOsFromJets                   edm4hep::ReconstructedParticle           74        
LE_TightSelectedPandoraPFOs    edm4hep::ReconstructedParticle           64        
LE_LooseSelectedPandoraPFOs    edm4hep::ReconstructedParticle           73        
BuildUpVertices                edm4hep::Vertex                          2         
LE_SelectedPandoraPFOs         edm4hep::ReconstructedParticle           66        
TightSelectedPandoraPFOs       edm4hep::ReconstructedParticle           57        
SiTracksMCTruthLink            edm4hep::MCRecoTrackParticleAssociation  36        
PandoraClusters                edm4hep::Cluster                         65        
YokeEndcapCollectionContributions edm4hep::CaloHitContribution             8         
MCPhysicsParticles             edm4hep::MCParticle                      426       
RefinedVertexJets              edm4hep::ReconstructedParticle           2         
DebugHits                      edm4hep::TrackerHitPlane                 0         
HCalEndcapCollectionContributions edm4hep::CaloHitContribution             407       
OTrackerHits                   edm4hep::TrackerHitPlane                 107       
HCalEndcapCollection           edm4hep::SimCalorimeterHit               212       
HCalBarrelCollectionContributions edm4hep::CaloHitContribution             20810     
ECalBarrelCollectionContributions edm4hep::CaloHitContribution             42235     
MCParticles                    edm4hep::MCParticle                      426       
ECalBarrelCollection           edm4hep::SimCalorimeterHit               7050      
InnerTrackerEndcapCollection   edm4hep::SimTrackerHit                   78        
ECALBarrel                     edm4hep::CalorimeterHit                  5337      
InnerTrackerBarrelCollection   edm4hep::SimTrackerHit                   243       
OuterTrackerBarrelCollection   edm4hep::SimTrackerHit                   212       
OTrackerEndcapHits             edm4hep::TrackerHitPlane                 31        
SelectedPandoraPFOs            edm4hep::ReconstructedParticle           64        
LumiCalClusters                edm4hep::Cluster                         0         
LumiCalRecoParticles           edm4hep::ReconstructedParticle           0         
VXDTrackerHits                 edm4hep::TrackerHitPlane                 248       
MCParticlesSkimmed             edm4hep::MCParticle                      258       
HCalRingCollection             edm4hep::SimCalorimeterHit               71        
BeamCalCollectionContributions edm4hep::CaloHitContribution             45        
YokeBarrelCollection           edm4hep::SimCalorimeterHit               0         
ITrackerHits                   edm4hep::TrackerHitPlane                 173       
OuterTrackerEndcapCollection   edm4hep::SimTrackerHit                   74        
LumiCalCollectionContributions edm4hep::CaloHitContribution             26        
RefinedVertices                edm4hep::Vertex                          0         
HCALBarrel                     edm4hep::CalorimeterHit                  769       
BeamCalCollection              edm4hep::SimCalorimeterHit               8         
HCalBarrelCollection           edm4hep::SimCalorimeterHit               8751      
LumiCalCollection              edm4hep::SimCalorimeterHit               7         
ECalEndcapCollection           edm4hep::SimCalorimeterHit               1812      
RecoMCTruthLink                edm4hep::MCRecoParticleAssociation       74        
VertexBarrelCollection         edm4hep::SimTrackerHit                   263       
ECalPlugCollection             edm4hep::SimCalorimeterHit               16        
ECalPlugCollectionContributions edm4hep::CaloHitContribution             18        
YokeBarrelCollectionContributions edm4hep::CaloHitContribution             0         
SiTracks_Refitted              edm4hep::Track                           35        
HCalRingCollectionContributions edm4hep::CaloHitContribution             134       
VertexEndcapCollection         edm4hep::SimTrackerHit                   14        
VXDEndcapTrackerHits           edm4hep::TrackerHitPlane                 14        
HCALOther                      edm4hep::CalorimeterHit                  7         
SiTracksCT                     edm4hep::Track                           35        
PandoraStartVertices           edm4hep::Vertex                          74        
SiTracks                       edm4hep::Track                           35        
ECALEndcap                     edm4hep::CalorimeterHit                  1416      
ITrackerEndcapHits             edm4hep::TrackerHitPlane                 39        
ECALOther                      edm4hep::CalorimeterHit                  0         
HCALEndcap                     edm4hep::CalorimeterHit                  26        
ECalEndcapCollectionContributions edm4hep::CaloHitContribution             22593     
RelationCaloHit                edm4hep::MCRecoCaloAssociation           7555      
MUON                           edm4hep::CalorimeterHit                  6         
ParticleID_EXT                 edm4hep::ParticleID                      0         
YokeEndcapCollection           edm4hep::SimCalorimeterHit               6         
RelationMuonHit                edm4hep::MCRecoCaloAssociation           6         
PandoraPFOs                    edm4hep::ReconstructedParticle           74        
Vertex_EXT                     edm4hep::Vertex                          0         
EventHeader                    edm4hep::EventHeader                     1         
LumiCal_Hits                   edm4hep::CalorimeterHit                  0         
MergedRecoParticles            edm4hep::ReconstructedParticle           74        
MergedClusters                 edm4hep::Cluster                         65        
CalohitMCTruthLink             edm4hep::MCRecoCaloParticleAssociation   7873      

Parameters:
Name                           Type         Elements  
------------------------------------------------------


