input file: ../build/k4MarlinWrapper/test/CLICPerformance/clicConfig/my_output.root

datamodel model definitions stored in this file: edm4hep

Frame categories in this file:
Name                 Entries   
-------------------------------
metadata             1         
events               3         
configuration_metadata 1         

#################################### events 0 ####################################
Collections:
Name                               ValueType                                    Size  ID
---------------------------------  -----------------------------------------  ------  --------
BeamCalCollection                  edm4hep::SimCalorimeterHit                      0  c298a348
BeamCalCollectionContributions     edm4hep::CaloHitContribution                    0  a1b6cac8
BuildUpVertices                    edm4hep::Vertex                                 3  fd03f5d0
BuildUpVertices_V0                 edm4hep::Vertex                                 0  9bc85810
CalohitMCTruthLink                 edm4hep::MCRecoCaloParticleAssociation       8708  1132953d
ClusterMCTruthLink                 edm4hep::MCRecoClusterParticleAssociation     185  e2727d90
DebugHits                          edm4hep::TrackerHitPlane                        0  c498ee0d
ECALBarrel                         edm4hep::CalorimeterHit                      5423  4b6bf95c
ECalBarrelCollection               edm4hep::SimCalorimeterHit                   7067  407eb17b
ECalBarrelCollectionContributions  edm4hep::CaloHitContribution                46904  047dde9c
ECALEndcap                         edm4hep::CalorimeterHit                      2659  868b64f8
ECalEndcapCollection               edm4hep::SimCalorimeterHit                   3508  0c09a156
ECalEndcapCollectionContributions  edm4hep::CaloHitContribution                17792  934221f8
ECALOther                          edm4hep::CalorimeterHit                        13  01cbea96
ECalPlugCollection                 edm4hep::SimCalorimeterHit                     30  d36e0cf8
ECalPlugCollectionContributions    edm4hep::CaloHitContribution                   53  25f0d096
EventHeader                        edm4hep::EventHeader                            1  d793ab91
HCALBarrel                         edm4hep::CalorimeterHit                       259  076db0c4
HCalBarrelCollection               edm4hep::SimCalorimeterHit                   3718  6daf3b41
HCalBarrelCollectionContributions  edm4hep::CaloHitContribution                 7268  4450a8f2
HCALEndcap                         edm4hep::CalorimeterHit                       299  4ca8cf89
HCalEndcapCollection               edm4hep::SimCalorimeterHit                   3273  50d90aed
HCalEndcapCollectionContributions  edm4hep::CaloHitContribution                 6836  82a31463
HCALOther                          edm4hep::CalorimeterHit                         2  3ba1679d
HCalRingCollection                 edm4hep::SimCalorimeterHit                    206  ad7abfca
HCalRingCollectionContributions    edm4hep::CaloHitContribution                  361  3b573866
InnerTrackerBarrelCollection       edm4hep::SimTrackerHit                        160  f57448f3
InnerTrackerBarrelHitsRelations    edm4hep::MCRecoTrackerHitPlaneAssociation     131  029be193
InnerTrackerEndcapCollection       edm4hep::SimTrackerHit                        135  6d724693
InnerTrackerEndcapHitsRelations    edm4hep::MCRecoTrackerHitPlaneAssociation     119  743732ae
ITrackerEndcapHits                 edm4hep::TrackerHitPlane                      119  55c7e3f3
ITrackerHits                       edm4hep::TrackerHitPlane                      131  3263f08b
LE_LooseSelectedPandoraPFOs        edm4hep::ReconstructedParticle                  0  1a98d83b
LE_SelectedPandoraPFOs             edm4hep::ReconstructedParticle                  0  a49e7fd9
LE_TightSelectedPandoraPFOs        edm4hep::ReconstructedParticle                  0  0357ac32
LumiCal_Hits                       edm4hep::CalorimeterHit                         4  0379c80d
LumiCalClusters                    edm4hep::Cluster                                0  53ea535b
LumiCalClusters_particleIDs        edm4hep::ParticleID                             0  4cca20cb
LumiCalCollection                  edm4hep::SimCalorimeterHit                     15  45759015
LumiCalCollectionContributions     edm4hep::CaloHitContribution                   56  dab2a7ce
LumiCalRecoParticles               edm4hep::ReconstructedParticle                  0  4dd99362
LumiCalRecoParticles_particleIDs   edm4hep::ParticleID                             0  395e0b46
MCParticles                        edm4hep::MCParticle                           521  a1cba250
MCParticlesSkimmed                 edm4hep::MCParticle                             0  16b252ac
MCPhysicsParticles                 edm4hep::MCParticle                             0  8fe81b12
MergedClusters                     edm4hep::Cluster                                0  e813f486
MergedRecoParticles                edm4hep::ReconstructedParticle                  0  f989a279
MUON                               edm4hep::CalorimeterHit                         6  0f355ef3
OTrackerEndcapHits                 edm4hep::TrackerHitPlane                      107  e118ca47
OTrackerHits                       edm4hep::TrackerHitPlane                       95  3a241fef
OuterTrackerBarrelCollection       edm4hep::SimTrackerHit                        217  083cc03d
OuterTrackerBarrelHitsRelations    edm4hep::MCRecoTrackerHitPlaneAssociation      95  c42bbbee
OuterTrackerEndcapCollection       edm4hep::SimTrackerHit                        192  1450dff0
OuterTrackerEndcapHitsRelations    edm4hep::MCRecoTrackerHitPlaneAssociation     107  d1211017
PandoraClusters                    edm4hep::Cluster                               99  1ada7608
PandoraClusters_particleIDs        edm4hep::ParticleID                             0  d74d176a
PandoraPFOs                        edm4hep::ReconstructedParticle                104  fa28d9be
PandoraPFOs_particleIDs            edm4hep::ParticleID                             0  2085e24d
PandoraStartVertices               edm4hep::Vertex                               104  baf37a08
PFOsFromJets                       edm4hep::ReconstructedParticle                  0  1979049e
PrimaryVertices                    edm4hep::Vertex                                 1  50874189
RecoMCTruthLink                    edm4hep::MCRecoParticleAssociation            104  6b81837a
RefinedVertexJets                  edm4hep::ReconstructedParticle                  2  6a2b2496
RefinedVertexJets_particleIDs      edm4hep::ParticleID                             2  6e50f897
RefinedVertices                    edm4hep::Vertex                                 0  392f5baf
RelationCaloHit                    edm4hep::MCRecoCaloAssociation               8655  603a5016
RelationMuonHit                    edm4hep::MCRecoCaloAssociation                  6  df24625a
SelectedPandoraPFOs                edm4hep::ReconstructedParticle                  0  5d4278bb
SiTracks                           edm4hep::Track                                 42  82d755bd
SiTracks_Refitted                  edm4hep::Track                                 42  f4957afa
SiTracksCT                         edm4hep::Track                                 43  d094e81e
SiTracksMCTruthLink                edm4hep::MCRecoTrackParticleAssociation        45  9a2f9ac5
TightSelectedPandoraPFOs           edm4hep::ReconstructedParticle                  0  5fa7cf93
VertexBarrelCollection             edm4hep::SimTrackerHit                        223  85e68310
VertexEndcapCollection             edm4hep::SimTrackerHit                         45  5add7f42
VertexJets                         edm4hep::ReconstructedParticle                  2  ca369aad
VertexJets_particleIDs             edm4hep::ParticleID                             2  9764e204
VXDEndcapTrackerHitRelations       edm4hep::MCRecoTrackerHitPlaneAssociation      45  bb4cff22
VXDEndcapTrackerHits               edm4hep::TrackerHitPlane                       45  e9876f4e
VXDTrackerHitRelations             edm4hep::MCRecoTrackerHitPlaneAssociation     213  178c9330
VXDTrackerHits                     edm4hep::TrackerHitPlane                      213  db43b881
YokeBarrelCollection               edm4hep::SimCalorimeterHit                      0  97bfada6
YokeBarrelCollectionContributions  edm4hep::CaloHitContribution                    0  5e0fdff3
YokeEndcapCollection               edm4hep::SimCalorimeterHit                      6  60209550
YokeEndcapCollectionContributions  edm4hep::CaloHitContribution                   10  68f65222

Parameters:
Name    Type    Elements
------  ------  ----------


#################################### events 1 ####################################
Collections:
Name                               ValueType                                    Size  ID
---------------------------------  -----------------------------------------  ------  --------
BeamCalCollection                  edm4hep::SimCalorimeterHit                     11  c298a348
BeamCalCollectionContributions     edm4hep::CaloHitContribution                   11  a1b6cac8
BuildUpVertices                    edm4hep::Vertex                                 3  fd03f5d0
BuildUpVertices_V0                 edm4hep::Vertex                                 0  9bc85810
CalohitMCTruthLink                 edm4hep::MCRecoCaloParticleAssociation       8854  1132953d
ClusterMCTruthLink                 edm4hep::MCRecoClusterParticleAssociation     151  e2727d90
DebugHits                          edm4hep::TrackerHitPlane                        0  c498ee0d
ECALBarrel                         edm4hep::CalorimeterHit                      7139  4b6bf95c
ECalBarrelCollection               edm4hep::SimCalorimeterHit                   9396  407eb17b
ECalBarrelCollectionContributions  edm4hep::CaloHitContribution                69484  047dde9c
ECALEndcap                         edm4hep::CalorimeterHit                       692  868b64f8
ECalEndcapCollection               edm4hep::SimCalorimeterHit                   1080  0c09a156
ECalEndcapCollectionContributions  edm4hep::CaloHitContribution                 4423  934221f8
ECALOther                          edm4hep::CalorimeterHit                        44  01cbea96
ECalPlugCollection                 edm4hep::SimCalorimeterHit                     59  d36e0cf8
ECalPlugCollectionContributions    edm4hep::CaloHitContribution                  206  25f0d096
EventHeader                        edm4hep::EventHeader                            1  d793ab91
HCALBarrel                         edm4hep::CalorimeterHit                       749  076db0c4
HCalBarrelCollection               edm4hep::SimCalorimeterHit                   8301  6daf3b41
HCalBarrelCollectionContributions  edm4hep::CaloHitContribution                18111  4450a8f2
HCALEndcap                         edm4hep::CalorimeterHit                        79  4ca8cf89
HCalEndcapCollection               edm4hep::SimCalorimeterHit                    906  50d90aed
HCalEndcapCollectionContributions  edm4hep::CaloHitContribution                 1814  82a31463
HCALOther                          edm4hep::CalorimeterHit                        12  3ba1679d
HCalRingCollection                 edm4hep::SimCalorimeterHit                    270  ad7abfca
HCalRingCollectionContributions    edm4hep::CaloHitContribution                  511  3b573866
InnerTrackerBarrelCollection       edm4hep::SimTrackerHit                        247  f57448f3
InnerTrackerBarrelHitsRelations    edm4hep::MCRecoTrackerHitPlaneAssociation     188  029be193
InnerTrackerEndcapCollection       edm4hep::SimTrackerHit                        101  6d724693
InnerTrackerEndcapHitsRelations    edm4hep::MCRecoTrackerHitPlaneAssociation      71  743732ae
ITrackerEndcapHits                 edm4hep::TrackerHitPlane                       71  55c7e3f3
ITrackerHits                       edm4hep::TrackerHitPlane                      188  3263f08b
LE_LooseSelectedPandoraPFOs        edm4hep::ReconstructedParticle                  0  1a98d83b
LE_SelectedPandoraPFOs             edm4hep::ReconstructedParticle                  0  a49e7fd9
LE_TightSelectedPandoraPFOs        edm4hep::ReconstructedParticle                  0  0357ac32
LumiCal_Hits                       edm4hep::CalorimeterHit                        25  0379c80d
LumiCalClusters                    edm4hep::Cluster                                0  53ea535b
LumiCalClusters_particleIDs        edm4hep::ParticleID                             0  4cca20cb
LumiCalCollection                  edm4hep::SimCalorimeterHit                     30  45759015
LumiCalCollectionContributions     edm4hep::CaloHitContribution                   66  dab2a7ce
LumiCalRecoParticles               edm4hep::ReconstructedParticle                  0  4dd99362
LumiCalRecoParticles_particleIDs   edm4hep::ParticleID                             0  395e0b46
MCParticles                        edm4hep::MCParticle                           540  a1cba250
MCParticlesSkimmed                 edm4hep::MCParticle                             0  16b252ac
MCPhysicsParticles                 edm4hep::MCParticle                             0  8fe81b12
MergedClusters                     edm4hep::Cluster                                0  e813f486
MergedRecoParticles                edm4hep::ReconstructedParticle                  0  f989a279
MUON                               edm4hep::CalorimeterHit                         0  0f355ef3
OTrackerEndcapHits                 edm4hep::TrackerHitPlane                       58  e118ca47
OTrackerHits                       edm4hep::TrackerHitPlane                      123  3a241fef
OuterTrackerBarrelCollection       edm4hep::SimTrackerHit                        240  083cc03d
OuterTrackerBarrelHitsRelations    edm4hep::MCRecoTrackerHitPlaneAssociation     123  c42bbbee
OuterTrackerEndcapCollection       edm4hep::SimTrackerHit                        107  1450dff0
OuterTrackerEndcapHitsRelations    edm4hep::MCRecoTrackerHitPlaneAssociation      58  d1211017
PandoraClusters                    edm4hep::Cluster                               82  1ada7608
PandoraClusters_particleIDs        edm4hep::ParticleID                             0  d74d176a
PandoraPFOs                        edm4hep::ReconstructedParticle                 90  fa28d9be
PandoraPFOs_particleIDs            edm4hep::ParticleID                             0  2085e24d
PandoraStartVertices               edm4hep::Vertex                                90  baf37a08
PFOsFromJets                       edm4hep::ReconstructedParticle                  0  1979049e
PrimaryVertices                    edm4hep::Vertex                                 1  50874189
RecoMCTruthLink                    edm4hep::MCRecoParticleAssociation             90  6b81837a
RefinedVertexJets                  edm4hep::ReconstructedParticle                  2  6a2b2496
RefinedVertexJets_particleIDs      edm4hep::ParticleID                             3  6e50f897
RefinedVertices                    edm4hep::Vertex                                 3  392f5baf
RelationCaloHit                    edm4hep::MCRecoCaloAssociation               8715  603a5016
RelationMuonHit                    edm4hep::MCRecoCaloAssociation                  0  df24625a
SelectedPandoraPFOs                edm4hep::ReconstructedParticle                  0  5d4278bb
SiTracks                           edm4hep::Track                                 43  82d755bd
SiTracks_Refitted                  edm4hep::Track                                 43  f4957afa
SiTracksCT                         edm4hep::Track                                 43  d094e81e
SiTracksMCTruthLink                edm4hep::MCRecoTrackParticleAssociation        43  9a2f9ac5
TightSelectedPandoraPFOs           edm4hep::ReconstructedParticle                  0  5fa7cf93
VertexBarrelCollection             edm4hep::SimTrackerHit                        358  85e68310
VertexEndcapCollection             edm4hep::SimTrackerHit                         23  5add7f42
VertexJets                         edm4hep::ReconstructedParticle                  2  ca369aad
VertexJets_particleIDs             edm4hep::ParticleID                             2  9764e204
VXDEndcapTrackerHitRelations       edm4hep::MCRecoTrackerHitPlaneAssociation      23  bb4cff22
VXDEndcapTrackerHits               edm4hep::TrackerHitPlane                       23  e9876f4e
VXDTrackerHitRelations             edm4hep::MCRecoTrackerHitPlaneAssociation     331  178c9330
VXDTrackerHits                     edm4hep::TrackerHitPlane                      331  db43b881
YokeBarrelCollection               edm4hep::SimCalorimeterHit                      0  97bfada6
YokeBarrelCollectionContributions  edm4hep::CaloHitContribution                    0  5e0fdff3
YokeEndcapCollection               edm4hep::SimCalorimeterHit                      0  60209550
YokeEndcapCollectionContributions  edm4hep::CaloHitContribution                    0  68f65222

Parameters:
Name    Type    Elements
------  ------  ----------


#################################### events 2 ####################################
Collections:
Name                               ValueType                                    Size  ID
---------------------------------  -----------------------------------------  ------  --------
BeamCalCollection                  edm4hep::SimCalorimeterHit                      0  c298a348
BeamCalCollectionContributions     edm4hep::CaloHitContribution                    0  a1b6cac8
BuildUpVertices                    edm4hep::Vertex                                 2  fd03f5d0
BuildUpVertices_V0                 edm4hep::Vertex                                 0  9bc85810
CalohitMCTruthLink                 edm4hep::MCRecoCaloParticleAssociation       7359  1132953d
ClusterMCTruthLink                 edm4hep::MCRecoClusterParticleAssociation     114  e2727d90
DebugHits                          edm4hep::TrackerHitPlane                        0  c498ee0d
ECALBarrel                         edm4hep::CalorimeterHit                      5130  4b6bf95c
ECalBarrelCollection               edm4hep::SimCalorimeterHit                   6841  407eb17b
ECalBarrelCollectionContributions  edm4hep::CaloHitContribution                41249  047dde9c
ECALEndcap                         edm4hep::CalorimeterHit                      1411  868b64f8
ECalEndcapCollection               edm4hep::SimCalorimeterHit                   1764  0c09a156
ECalEndcapCollectionContributions  edm4hep::CaloHitContribution                22823  934221f8
ECALOther                          edm4hep::CalorimeterHit                        32  01cbea96
ECalPlugCollection                 edm4hep::SimCalorimeterHit                     45  d36e0cf8
ECalPlugCollectionContributions    edm4hep::CaloHitContribution                   90  25f0d096
EventHeader                        edm4hep::EventHeader                            1  d793ab91
HCALBarrel                         edm4hep::CalorimeterHit                       725  076db0c4
HCalBarrelCollection               edm4hep::SimCalorimeterHit                   8000  6daf3b41
HCalBarrelCollectionContributions  edm4hep::CaloHitContribution                18826  4450a8f2
HCALEndcap                         edm4hep::CalorimeterHit                        30  4ca8cf89
HCalEndcapCollection               edm4hep::SimCalorimeterHit                    260  50d90aed
HCalEndcapCollectionContributions  edm4hep::CaloHitContribution                  502  82a31463
HCALOther                          edm4hep::CalorimeterHit                        14  3ba1679d
HCalRingCollection                 edm4hep::SimCalorimeterHit                     93  ad7abfca
HCalRingCollectionContributions    edm4hep::CaloHitContribution                  209  3b573866
InnerTrackerBarrelCollection       edm4hep::SimTrackerHit                        222  f57448f3
InnerTrackerBarrelHitsRelations    edm4hep::MCRecoTrackerHitPlaneAssociation     145  029be193
InnerTrackerEndcapCollection       edm4hep::SimTrackerHit                         78  6d724693
InnerTrackerEndcapHitsRelations    edm4hep::MCRecoTrackerHitPlaneAssociation      35  743732ae
ITrackerEndcapHits                 edm4hep::TrackerHitPlane                       35  55c7e3f3
ITrackerHits                       edm4hep::TrackerHitPlane                      145  3263f08b
LE_LooseSelectedPandoraPFOs        edm4hep::ReconstructedParticle                  0  1a98d83b
LE_SelectedPandoraPFOs             edm4hep::ReconstructedParticle                  0  a49e7fd9
LE_TightSelectedPandoraPFOs        edm4hep::ReconstructedParticle                  0  0357ac32
LumiCal_Hits                       edm4hep::CalorimeterHit                         1  0379c80d
LumiCalClusters                    edm4hep::Cluster                                0  53ea535b
LumiCalClusters_particleIDs        edm4hep::ParticleID                             0  4cca20cb
LumiCalCollection                  edm4hep::SimCalorimeterHit                     29  45759015
LumiCalCollectionContributions     edm4hep::CaloHitContribution                   74  dab2a7ce
LumiCalRecoParticles               edm4hep::ReconstructedParticle                  0  4dd99362
LumiCalRecoParticles_particleIDs   edm4hep::ParticleID                             0  395e0b46
MCParticles                        edm4hep::MCParticle                           492  a1cba250
MCParticlesSkimmed                 edm4hep::MCParticle                             0  16b252ac
MCPhysicsParticles                 edm4hep::MCParticle                             0  8fe81b12
MergedClusters                     edm4hep::Cluster                                0  e813f486
MergedRecoParticles                edm4hep::ReconstructedParticle                  0  f989a279
MUON                               edm4hep::CalorimeterHit                         7  0f355ef3
OTrackerEndcapHits                 edm4hep::TrackerHitPlane                       32  e118ca47
OTrackerHits                       edm4hep::TrackerHitPlane                      154  3a241fef
OuterTrackerBarrelCollection       edm4hep::SimTrackerHit                        223  083cc03d
OuterTrackerBarrelHitsRelations    edm4hep::MCRecoTrackerHitPlaneAssociation     154  c42bbbee
OuterTrackerEndcapCollection       edm4hep::SimTrackerHit                         74  1450dff0
OuterTrackerEndcapHitsRelations    edm4hep::MCRecoTrackerHitPlaneAssociation      32  d1211017
PandoraClusters                    edm4hep::Cluster                               61  1ada7608
PandoraClusters_particleIDs        edm4hep::ParticleID                             0  d74d176a
PandoraPFOs                        edm4hep::ReconstructedParticle                 72  fa28d9be
PandoraPFOs_particleIDs            edm4hep::ParticleID                             0  2085e24d
PandoraStartVertices               edm4hep::Vertex                                72  baf37a08
PFOsFromJets                       edm4hep::ReconstructedParticle                  0  1979049e
PrimaryVertices                    edm4hep::Vertex                                 1  50874189
RecoMCTruthLink                    edm4hep::MCRecoParticleAssociation             72  6b81837a
RefinedVertexJets                  edm4hep::ReconstructedParticle                  2  6a2b2496
RefinedVertexJets_particleIDs      edm4hep::ParticleID                             2  6e50f897
RefinedVertices                    edm4hep::Vertex                                 0  392f5baf
RelationCaloHit                    edm4hep::MCRecoCaloAssociation               7342  603a5016
RelationMuonHit                    edm4hep::MCRecoCaloAssociation                  7  df24625a
SelectedPandoraPFOs                edm4hep::ReconstructedParticle                  0  5d4278bb
SiTracks                           edm4hep::Track                                 36  82d755bd
SiTracks_Refitted                  edm4hep::Track                                 36  f4957afa
SiTracksCT                         edm4hep::Track                                 36  d094e81e
SiTracksMCTruthLink                edm4hep::MCRecoTrackParticleAssociation        38  9a2f9ac5
TightSelectedPandoraPFOs           edm4hep::ReconstructedParticle                  0  5fa7cf93
VertexBarrelCollection             edm4hep::SimTrackerHit                        216  85e68310
VertexEndcapCollection             edm4hep::SimTrackerHit                         14  5add7f42
VertexJets                         edm4hep::ReconstructedParticle                  2  ca369aad
VertexJets_particleIDs             edm4hep::ParticleID                             2  9764e204
VXDEndcapTrackerHitRelations       edm4hep::MCRecoTrackerHitPlaneAssociation      13  bb4cff22
VXDEndcapTrackerHits               edm4hep::TrackerHitPlane                       13  e9876f4e
VXDTrackerHitRelations             edm4hep::MCRecoTrackerHitPlaneAssociation     204  178c9330
VXDTrackerHits                     edm4hep::TrackerHitPlane                      204  db43b881
YokeBarrelCollection               edm4hep::SimCalorimeterHit                      1  97bfada6
YokeBarrelCollectionContributions  edm4hep::CaloHitContribution                    1  5e0fdff3
YokeEndcapCollection               edm4hep::SimCalorimeterHit                      6  60209550
YokeEndcapCollectionContributions  edm4hep::CaloHitContribution                    8  68f65222

Parameters:
Name    Type    Elements
------  ------  ----------


